Archive member included to satisfy reference by file (symbol)

C:/ST/STM32CubeIDE_1.17.0/STM32CubeIDE/plugins/com.st.stm32cube.ide.mcu.externaltools.gnu-tools-for-stm32.12.3.rel1.win32_1.1.0.202410251130/tools/bin/../lib/gcc/arm-none-eabi/12.3.1/../../../../arm-none-eabi/lib/thumb/v8-m.main+fp/hard\libc_nano.a(libc_a-exit.o)
                              C:/ST/STM32CubeIDE_1.17.0/STM32CubeIDE/plugins/com.st.stm32cube.ide.mcu.externaltools.gnu-tools-for-stm32.12.3.rel1.win32_1.1.0.202410251130/tools/bin/../lib/gcc/arm-none-eabi/12.3.1/../../../../arm-none-eabi/lib/thumb/v8-m.main+fp/hard/crt0.o (exit)
C:/ST/STM32CubeIDE_1.17.0/STM32CubeIDE/plugins/com.st.stm32cube.ide.mcu.externaltools.gnu-tools-for-stm32.12.3.rel1.win32_1.1.0.202410251130/tools/bin/../lib/gcc/arm-none-eabi/12.3.1/../../../../arm-none-eabi/lib/thumb/v8-m.main+fp/hard\libc_nano.a(libc_a-findfp.o)
                              C:/ST/STM32CubeIDE_1.17.0/STM32CubeIDE/plugins/com.st.stm32cube.ide.mcu.externaltools.gnu-tools-for-stm32.12.3.rel1.win32_1.1.0.202410251130/tools/bin/../lib/gcc/arm-none-eabi/12.3.1/../../../../arm-none-eabi/lib/thumb/v8-m.main+fp/hard\libc_nano.a(libc_a-exit.o) (__stdio_exit_handler)
C:/ST/STM32CubeIDE_1.17.0/STM32CubeIDE/plugins/com.st.stm32cube.ide.mcu.externaltools.gnu-tools-for-stm32.12.3.rel1.win32_1.1.0.202410251130/tools/bin/../lib/gcc/arm-none-eabi/12.3.1/../../../../arm-none-eabi/lib/thumb/v8-m.main+fp/hard\libc_nano.a(libc_a-fwalk.o)
                              C:/ST/STM32CubeIDE_1.17.0/STM32CubeIDE/plugins/com.st.stm32cube.ide.mcu.externaltools.gnu-tools-for-stm32.12.3.rel1.win32_1.1.0.202410251130/tools/bin/../lib/gcc/arm-none-eabi/12.3.1/../../../../arm-none-eabi/lib/thumb/v8-m.main+fp/hard\libc_nano.a(libc_a-findfp.o) (_fwalk_sglue)
C:/ST/STM32CubeIDE_1.17.0/STM32CubeIDE/plugins/com.st.stm32cube.ide.mcu.externaltools.gnu-tools-for-stm32.12.3.rel1.win32_1.1.0.202410251130/tools/bin/../lib/gcc/arm-none-eabi/12.3.1/../../../../arm-none-eabi/lib/thumb/v8-m.main+fp/hard\libc_nano.a(libc_a-stdio.o)
                              C:/ST/STM32CubeIDE_1.17.0/STM32CubeIDE/plugins/com.st.stm32cube.ide.mcu.externaltools.gnu-tools-for-stm32.12.3.rel1.win32_1.1.0.202410251130/tools/bin/../lib/gcc/arm-none-eabi/12.3.1/../../../../arm-none-eabi/lib/thumb/v8-m.main+fp/hard\libc_nano.a(libc_a-findfp.o) (__sread)
C:/ST/STM32CubeIDE_1.17.0/STM32CubeIDE/plugins/com.st.stm32cube.ide.mcu.externaltools.gnu-tools-for-stm32.12.3.rel1.win32_1.1.0.202410251130/tools/bin/../lib/gcc/arm-none-eabi/12.3.1/../../../../arm-none-eabi/lib/thumb/v8-m.main+fp/hard\libc_nano.a(libc_a-memset.o)
                              C:/ST/STM32CubeIDE_1.17.0/STM32CubeIDE/plugins/com.st.stm32cube.ide.mcu.externaltools.gnu-tools-for-stm32.12.3.rel1.win32_1.1.0.202410251130/tools/bin/../lib/gcc/arm-none-eabi/12.3.1/../../../../arm-none-eabi/lib/thumb/v8-m.main+fp/hard/crt0.o (memset)
C:/ST/STM32CubeIDE_1.17.0/STM32CubeIDE/plugins/com.st.stm32cube.ide.mcu.externaltools.gnu-tools-for-stm32.12.3.rel1.win32_1.1.0.202410251130/tools/bin/../lib/gcc/arm-none-eabi/12.3.1/../../../../arm-none-eabi/lib/thumb/v8-m.main+fp/hard\libc_nano.a(libc_a-closer.o)
                              C:/ST/STM32CubeIDE_1.17.0/STM32CubeIDE/plugins/com.st.stm32cube.ide.mcu.externaltools.gnu-tools-for-stm32.12.3.rel1.win32_1.1.0.202410251130/tools/bin/../lib/gcc/arm-none-eabi/12.3.1/../../../../arm-none-eabi/lib/thumb/v8-m.main+fp/hard\libc_nano.a(libc_a-stdio.o) (_close_r)
C:/ST/STM32CubeIDE_1.17.0/STM32CubeIDE/plugins/com.st.stm32cube.ide.mcu.externaltools.gnu-tools-for-stm32.12.3.rel1.win32_1.1.0.202410251130/tools/bin/../lib/gcc/arm-none-eabi/12.3.1/../../../../arm-none-eabi/lib/thumb/v8-m.main+fp/hard\libc_nano.a(libc_a-reent.o)
                              C:/ST/STM32CubeIDE_1.17.0/STM32CubeIDE/plugins/com.st.stm32cube.ide.mcu.externaltools.gnu-tools-for-stm32.12.3.rel1.win32_1.1.0.202410251130/tools/bin/../lib/gcc/arm-none-eabi/12.3.1/../../../../arm-none-eabi/lib/thumb/v8-m.main+fp/hard\libc_nano.a(libc_a-closer.o) (errno)
C:/ST/STM32CubeIDE_1.17.0/STM32CubeIDE/plugins/com.st.stm32cube.ide.mcu.externaltools.gnu-tools-for-stm32.12.3.rel1.win32_1.1.0.202410251130/tools/bin/../lib/gcc/arm-none-eabi/12.3.1/../../../../arm-none-eabi/lib/thumb/v8-m.main+fp/hard\libc_nano.a(libc_a-impure.o)
                              C:/ST/STM32CubeIDE_1.17.0/STM32CubeIDE/plugins/com.st.stm32cube.ide.mcu.externaltools.gnu-tools-for-stm32.12.3.rel1.win32_1.1.0.202410251130/tools/bin/../lib/gcc/arm-none-eabi/12.3.1/../../../../arm-none-eabi/lib/thumb/v8-m.main+fp/hard\libc_nano.a(libc_a-reent.o) (_impure_ptr)
C:/ST/STM32CubeIDE_1.17.0/STM32CubeIDE/plugins/com.st.stm32cube.ide.mcu.externaltools.gnu-tools-for-stm32.12.3.rel1.win32_1.1.0.202410251130/tools/bin/../lib/gcc/arm-none-eabi/12.3.1/../../../../arm-none-eabi/lib/thumb/v8-m.main+fp/hard\libc_nano.a(libc_a-lseekr.o)
[...]
Memory Configuration

Name             Origin             Length             Attributes
RAM              0x20000000         0x00030000         xrw
RAM2             0x20030000         0x00010000         xrw
FLASH            0x08000000         0x00080000         xr
*default*        0x00000000         0xffffffff

Linker script and memory map

LOAD C:/ST/STM32CubeIDE_1.17.0/STM32CubeIDE/plugins/com.st.stm32cube.ide.mcu.externaltools.gnu-tools-for-stm32.12.3.rel1.win32_1.1.0.202410251130/tools/bin/../lib/gcc/arm-none-eabi/12.3.1/thumb/v8-m.main+fp/hard/crti.o
LOAD C:/ST/STM32CubeIDE_1.17.0/STM32CubeIDE/plugins/com.st.stm32cube.ide.mcu.externaltools.gnu-tools-for-stm32.12.3.rel1.win32_1.1.0.202410251130/tools/bin/../lib/gcc/arm-none-eabi/12.3.1/thumb/v8-m.main+fp/hard/crtbegin.o
LOAD C:/ST/STM32CubeIDE_1.17.0/STM32CubeIDE/plugins/com.st.stm32cube.ide.mcu.externaltools.gnu-tools-for-stm32.12.3.rel1.win32_1.1.0.202410251130/tools/bin/../lib/gcc/arm-none-eabi/12.3.1/../../../../arm-none-eabi/lib/thumb/v8-m.main+fp/hard/crt0.o
LOAD ./Core/Src/i2c.o
LOAD ./Core/Src/main.o
LOAD ./Core/Src/queue.o
LOAD ./Core/Src/stm32l5xx_hal_msp.o
LOAD ./Core/Src/stm32l5xx_it.o
LOAD ./Core/Src/syscalls.o
LOAD ./Core/Src/sysmem.o
LOAD ./Core/Src/system_stm32l5xx.o
LOAD ./Core/Startup/startup_stm32l552zetxq.o
LOAD ./Drivers/BSP/STM32L5xx_Nucleo/stm32l5xx_nucleo.o
LOAD ./Drivers/STM32L5xx_HAL_Driver/Src/stm32l5xx_hal.o
LOAD ./Drivers/STM32L5xx_HAL_Driver/Src/stm32l5xx_hal_cortex.o
LOAD ./Drivers/STM32L5xx_HAL_Driver/Src/stm32l5xx_hal_dma.o
LOAD ./Drivers/STM32L5xx_HAL_Driver/Src/stm32l5xx_hal_dma_ex.o
LOAD ./Drivers/STM32L5xx_HAL_Driver/Src/stm32l5xx_hal_exti.o
LOAD ./Drivers/STM32L5xx_HAL_Driver/Src/stm32l5xx_hal_flash.o
LOAD ./Drivers/STM32L5xx_HAL_Driver/Src/stm32l5xx_hal_flash_ex.o
LOAD ./Drivers/STM32L5xx_HAL_Driver/Src/stm32l5xx_hal_flash_ramfunc.o
LOAD ./Drivers/STM32L5xx_HAL_Driver/Src/stm32l5xx_hal_gpio.o
LOAD ./Drivers/STM32L5xx_HAL_Driver/Src/stm32l5xx_hal_i2c.o
LOAD ./Drivers/STM32L5xx_HAL_Driver/Src/stm32l5xx_hal_i2c_ex.o
LOAD ./Drivers/STM32L5xx_HAL_Driver/Src/stm32l5xx_hal_icache.o
LOAD ./Drivers/STM32L5xx_HAL_Driver/Src/stm32l5xx_hal_pwr.o
LOAD ./Drivers/STM32L5xx_HAL_Driver/Src/stm32l5xx_hal_pwr_ex.o
LOAD ./Drivers/STM32L5xx_HAL_Driver/Src/stm32l5xx_hal_rcc.o
LOAD ./Drivers/STM32L5xx_HAL_Driver/Src/stm32l5xx_hal_rcc_ex.o
LOAD ./Drivers/STM32L5xx_HAL_Driver/Src/stm32l5xx_hal_uart.o
LOAD ./Drivers/STM32L5xx_HAL_Driver/Src/stm32l5xx_hal_uart_ex.o
LOAD ./Drivers/STM32L5xx_HAL_Driver/Src/stm32l5xx_hal_usart.o
LOAD ./Drivers/STM32L5xx_HAL_Driver/Src/stm32l5xx_hal_usart_ex.o
START GROUP
LOAD C:/ST/STM32CubeIDE_1.17.0/STM32CubeIDE/plugins/com.st.stm32cube.ide.mcu.externaltools.gnu-tools-for-stm32.12.3.rel1.win32_1.1.0.202410251130/tools/bin/../lib/gcc/arm-none-eabi/12.3.1/../../../../arm-none-eabi/lib/thumb/v8-m.main+fp/hard\libc_nano.a
LOAD C:/ST/STM32CubeIDE_1.17.0/STM32CubeIDE/plugins/com.st.stm32cube.ide.mcu.externaltools.gnu-tools-for-stm32.12.3.rel1.win32_1.1.0.202410251130/tools/bin/../lib/gcc/arm-none-eabi/12.3.1/../../../../arm-none-eabi/lib/thumb/v8-m.main+fp/hard\libm.a
END GROUP
START GROUP
LOAD C:/ST/STM32CubeIDE_1.17.0/STM32CubeIDE/plugins/com.st.stm32cube.ide.mcu.externaltools.gnu-tools-for-stm32.12.3.rel1.win32_1.1.0.202410251130/tools/bin/../lib/gcc/arm-none-eabi/12.3.1/thumb/v8-m.main+fp/hard\libgcc.a
LOAD C:/ST/STM32CubeIDE_1.17.0/STM32CubeIDE/plugins/com.st.stm32cube.ide.mcu.externaltools.gnu-tools-for-stm32.12.3.rel1.win32_1.1.0.202410251130/tools/bin/../lib/gcc/arm-none-eabi/12.3.1/../../../../arm-none-eabi/lib/thumb/v8-m.main+fp/hard\libc_nano.a
END GROUP
START GROUP
LOAD C:/ST/STM32CubeIDE_1.17.0/STM32CubeIDE/plugins/com.st.stm32cube.ide.mcu.externaltools.gnu-tools-for-stm32.12.3.rel1.win32_1.1.0.202410251130/tools/bin/../lib/gcc/arm-none-eabi/12.3.1/thumb/v8-m.main+fp/hard\libgcc.a
LOAD C:/ST/STM32CubeIDE_1.17.0/STM32CubeIDE/plugins/com.st.stm32cube.ide.mcu.externaltools.gnu-tools-for-stm32.12.3.rel1.win32_1.1.0.202410251130/tools/bin/../lib/gcc/arm-none-eabi/12.3.1/../../../../arm-none-eabi/lib/thumb/v8-m.main+fp/hard\libc_nano.a
LOAD C:/ST/STM32CubeIDE_1.17.0/STM32CubeIDE/plugins/com.st.stm32cube.ide.mcu.externaltools.gnu-tools-for-stm32.12.3.rel1.win32_1.1.0.202410251130/tools/bin/../lib/gcc/arm-none-eabi/12.3.1/../../../../arm-none-eabi/lib/thumb/v8-m.main+fp/hard\libnosys.a
END GROUP
START GROUP
LOAD C:/ST/STM32CubeIDE_1.17.0/STM32CubeIDE/plugins/com.st.stm32cube.ide.mcu.externaltools.gnu-tools-for-stm32.12.3.rel1.win32_1.1.0.202410251130/tools/bin/../lib/gcc/arm-none-eabi/12.3.1/thumb/v8-m.main+fp/hard\libgcc.a
LOAD C:/ST/STM32CubeIDE_1.17.0/STM32CubeIDE/plugins/com.st.stm32cube.ide.mcu.externaltools.gnu-tools-for-stm32.12.3.rel1.win32_1.1.0.202410251130/tools/bin/../lib/gcc/arm-none-eabi/12.3.1/../../../../arm-none-eabi/lib/thumb/v8-m.main+fp/hard\libc_nano.a
LOAD C:/ST/STM32CubeIDE_1.17.0/STM32CubeIDE/plugins/com.st.stm32cube.ide.mcu.externaltools.gnu-tools-for-stm32.12.3.rel1.win32_1.1.0.202410251130/tools/bin/../lib/gcc/arm-none-eabi/12.3.1/../../../../arm-none-eabi/lib/thumb/v8-m.main+fp/hard\libnosys.a
END GROUP
LOAD C:/ST/STM32CubeIDE_1.17.0/STM32CubeIDE/plugins/com.st.stm32cube.ide.mcu.externaltools.gnu-tools-for-stm32.12.3.rel1.win32_1.1.0.202410251130/tools/bin/../lib/gcc/arm-none-eabi/12.3.1/thumb/v8-m.main+fp/hard/crtend.o
LOAD C:/ST/STM32CubeIDE_1.17.0/STM32CubeIDE/plugins/com.st.stm32cube.ide.mcu.externaltools.gnu-tools-for-stm32.12.3.rel1.win32_1.1.0.202410251130/tools/bin/../lib/gcc/arm-none-eabi/12.3.1/thumb/v8-m.main+fp/hard/crtn.o
                0x20030000                        _estack = (ORIGIN (RAM) + LENGTH (RAM))
                0x00000200                        _Min_Heap_Size = 0x200
                0x00000400                        _Min_Stack_Size = 0x400

.isr_vector     0x08000000      0x1f4
                0x08000000                        . = ALIGN (0x4)
 *(.isr_vector)
 .isr_vector    0x08000000      0x1f4 ./Core/Startup/startup_stm32l552zetxq.o
                0x08000000                g_pfnVectors
                0x080001f4                        . = ALIGN (0x4)

.text           0x080001f4      0x854
                0x080001f4                        . = ALIGN (0x4)
 *(.text)
 .text          0x080001f4       0x40 C:/ST/STM32CubeIDE_1.17.0/STM32CubeIDE/plugins/com.st.stm32cube.ide.mcu.externaltools.gnu-tools-for-stm32.12.3.rel1.win32_1.1.0.202410251130/tools/bin/../lib/gcc/arm-none-eabi/12.3.1/thumb/v8-m.main+fp/hard/crtbegin.o
 *(.text*)
 .text.initI2C  0x08000234       0xf4 ./Core/Src/i2c.o
                0x08000234                initI2C
 .text.MCP23008_Init
                0x08000328       0x1c ./Core/Src/i2c.o
                0x08000328                MCP23008_Init
 .text.MCP23008_WriteRegBlocking
                0x08000344       0xb8 ./Core/Src/i2c.o
                0x08000344                MCP23008_WriteRegBlocking
 .text.MCP23008_ReadRegBlocking
                0x080003fc      0x130 ./Core/Src/i2c.o
                0x080003fc                MCP23008_ReadRegBlocking
 .text.__NVIC_EnableIRQ
                0x0800052c       0x3c ./Core/Src/main.o
 .text.main     0x08000568       0x18 ./Core/Src/main.o
                0x08000568                main
 .text.init_sysclk
                0x08000580       0x44 ./Core/Src/main.o
                0x08000580                init_sysclk
 .text.get_current_step
                0x080005c4       0x24 ./Core/Src/main.o
                0x080005c4                get_current_step
 .text.next_step
                0x080005e8       0x2e ./Core/Src/main.o
                0x080005e8                next_step
 .text.prev_step
                0x08000616       0x2e ./Core/Src/main.o
                0x08000616                prev_step
 .text.updateMotorFromIterator
                0x08000644       0x2a ./Core/Src/main.o
                0x08000644                updateMotorFromIterator
 *fill*         0x0800066e        0x2 
 .text.init_TIM2
                0x08000670       0x68 ./Core/Src/main.o
                0x08000670                init_TIM2
 .text.TIM2_IRQHandler
                0x080006d8       0xcc ./Core/Src/main.o
                0x080006d8                TIM2_IRQHandler
 .text.TIM3_IRQHandler
                0x080007a4       0x34 ./Core/Src/main.o
                0x080007a4                TIM3_IRQHandler
 .text.TIM4_IRQHandler
                0x080007d8       0x30 ./Core/Src/main.o
                0x080007d8                TIM4_IRQHandler
 .text.TIM5_IRQHandler
                0x08000808        0xe ./Core/Src/main.o
                0x08000808                TIM5_IRQHandler
 *fill*         0x08000816        0x2 
 .text.processExpanderChange
                0x08000818       0xd0 ./Core/Src/main.o
                0x08000818                processExpanderChange
 .text.NMI_Handler
                0x080008e8        0x8 ./Core/Src/stm32l5xx_it.o
                0x080008e8                NMI_Handler
 .text.HardFault_Handler
                0x080008f0        0x8 ./Core/Src/stm32l5xx_it.o
                0x080008f0                HardFault_Handler
 .text.MemManage_Handler
                0x080008f8        0x8 ./Core/Src/stm32l5xx_it.o
                0x080008f8                MemManage_Handler
 .text.BusFault_Handler
                0x08000900        0x8 ./Core/Src/stm32l5xx_it.o
                0x08000900                BusFault_Handler
 .text.UsageFault_Handler
                0x08000908        0x8 ./Core/Src/stm32l5xx_it.o
                0x08000908                UsageFault_Handler
 .text.SVC_Handler
                0x08000910        0xe ./Core/Src/stm32l5xx_it.o
                0x08000910                SVC_Handler
 .text.DebugMon_Handler
                0x0800091e        0xe ./Core/Src/stm32l5xx_it.o
                0x0800091e                DebugMon_Handler
 .text.PendSV_Handler
                0x0800092c        0xe ./Core/Src/stm32l5xx_it.o
                0x0800092c                PendSV_Handler
 .text.SysTick_Handler
                0x0800093a        0xc ./Core/Src/stm32l5xx_it.o
                0x0800093a                SysTick_Handler
 *fill*         0x08000946        0x2 
 .text.SystemInit
                0x08000948       0x24 ./Core/Src/system_stm32l5xx.o
                0x08000948                SystemInit
 .text.Reset_Handler
                0x0800096c       0x50 ./Core/Startup/startup_stm32l552zetxq.o
                0x0800096c                Reset_Handler
 .text.Default_Handler
                0x080009bc        0x2 ./Core/Startup/startup_stm32l552zetxq.o
                0x080009bc                EXTI2_IRQHandler
                0x080009bc                TIM8_TRG_COM_IRQHandler
                0x080009bc                TIM8_CC_IRQHandler
                0x080009bc                EXTI5_IRQHandler
                0x080009bc                FLASH_S_IRQHandler
                0x080009bc                EXTI13_IRQHandler
                0x080009bc                TIM1_CC_IRQHandler
                0x080009bc                TSC_IRQHandler
                0x080009bc                TAMP_IRQHandler
                0x080009bc                TIM6_IRQHandler
                0x080009bc                EXTI12_IRQHandler
                0x080009bc                DMA2_Channel8_IRQHandler
                0x080009bc                EXTI3_IRQHandler
                0x080009bc                EXTI8_IRQHandler
                0x080009bc                LPTIM2_IRQHandler
                0x080009bc                DFSDM1_FLT1_IRQHandler
                0x080009bc                USB_FS_IRQHandler
                0x080009bc                I2C3_ER_IRQHandler
                0x080009bc                DFSDM1_FLT2_IRQHandler
                0x080009bc                DMAMUX1_IRQHandler
                0x080009bc                LPTIM3_IRQHandler
                0x080009bc                EXTI0_IRQHandler
                0x080009bc                I2C2_EV_IRQHandler
                0x080009bc                FPU_IRQHandler
                0x080009bc                FDCAN1_IT1_IRQHandler
                0x080009bc                ADC1_2_IRQHandler
                0x080009bc                SPI1_IRQHandler
                0x080009bc                OCTOSPI1_IRQHandler
                0x080009bc                TIM8_UP_IRQHandler
                0x080009bc                RCC_S_IRQHandler
                0x080009bc                DMA2_Channel2_IRQHandler
                0x080009bc                DMA1_Channel4_IRQHandler
                0x080009bc                SAI2_IRQHandler
                0x080009bc                DFSDM1_FLT3_IRQHandler
                0x080009bc                EXTI15_IRQHandler
                0x080009bc                TIM17_IRQHandler
                0x080009bc                USART3_IRQHandler
                0x080009bc                RTC_IRQHandler
                0x080009bc                EXTI9_IRQHandler
                0x080009bc                DMA1_Channel7_IRQHandler
                0x080009bc                UART5_IRQHandler
                0x080009bc                DMA2_Channel1_IRQHandler
                0x080009bc                I2C1_EV_IRQHandler
                0x080009bc                DMA1_Channel6_IRQHandler
                0x080009bc                TIM16_IRQHandler
                0x080009bc                UART4_IRQHandler
                0x080009bc                DMA2_Channel4_IRQHandler
                0x080009bc                SecureFault_Handler
                0x080009bc                RCC_IRQHandler
                0x080009bc                TIM1_TRG_COM_IRQHandler
                0x080009bc                DMA1_Channel1_IRQHandler
                0x080009bc                Default_Handler
                0x080009bc                DMA2_Channel7_IRQHandler
                0x080009bc                DMA1_Channel8_IRQHandler
                0x080009bc                TIM7_IRQHandler
                0x080009bc                SDMMC1_IRQHandler
                0x080009bc                UCPD1_IRQHandler
                0x080009bc                TIM15_IRQHandler
                0x080009bc                I2C3_EV_IRQHandler
                0x080009bc                PVD_PVM_IRQHandler
                0x080009bc                SPI2_IRQHandler
                0x080009bc                EXTI14_IRQHandler
                0x080009bc                EXTI11_IRQHandler
                0x080009bc                DMA2_Channel5_IRQHandler
                0x080009bc                CRS_IRQHandler
                0x080009bc                DMA1_Channel5_IRQHandler
                0x080009bc                EXTI4_IRQHandler
                0x080009bc                RTC_S_IRQHandler
                0x080009bc                RNG_IRQHandler
                0x080009bc                DMAMUX1_S_IRQHandler
                0x080009bc                DMA1_Channel3_IRQHandler
                0x080009bc                COMP_IRQHandler
                0x080009bc                TIM1_UP_IRQHandler
                0x080009bc                WWDG_IRQHandler
                0x080009bc                I2C4_EV_IRQHandler
                0x080009bc                LPUART1_IRQHandler
                0x080009bc                DMA2_Channel6_IRQHandler
                0x080009bc                FDCAN1_IT0_IRQHandler
                0x080009bc                TAMP_S_IRQHandler
                0x080009bc                EXTI7_IRQHandler
                0x080009bc                TIM1_BRK_IRQHandler
                0x080009bc                DAC_IRQHandler
                0x080009bc                EXTI1_IRQHandler
                0x080009bc                GTZC_IRQHandler
                0x080009bc                USART2_IRQHandler
                0x080009bc                DFSDM1_FLT0_IRQHandler
                0x080009bc                I2C2_ER_IRQHandler
                0x080009bc                DMA1_Channel2_IRQHandler
                0x080009bc                TIM8_BRK_IRQHandler
                0x080009bc                FLASH_IRQHandler
                0x080009bc                USART1_IRQHandler
                0x080009bc                EXTI10_IRQHandler
                0x080009bc                SPI3_IRQHandler
                0x080009bc                I2C1_ER_IRQHandler
                0x080009bc                FMC_IRQHandler
                0x080009bc                EXTI6_IRQHandler
                0x080009bc                LPTIM1_IRQHandler
                0x080009bc                I2C4_ER_IRQHandler
                0x080009bc                ICACHE_IRQHandler
                0x080009bc                SAI1_IRQHandler
                0x080009bc                HASH_IRQHandler
                0x080009bc                DMA2_Channel3_IRQHandler
 *fill*         0x080009be        0x2 
 .text.HAL_IncTick
                0x080009c0       0x28 ./Drivers/STM32L5xx_HAL_Driver/Src/stm32l5xx_hal.o
                0x080009c0                HAL_IncTick
 .text.__libc_init_array
                0x080009e8       0x48 C:/ST/STM32CubeIDE_1.17.0/STM32CubeIDE/plugins/com.st.stm32cube.ide.mcu.externaltools.gnu-tools-for-stm32.12.3.rel1.win32_1.1.0.202410251130/tools/bin/../lib/gcc/arm-none-eabi/12.3.1/../../../../arm-none-eabi/lib/thumb/v8-m.main+fp/hard\libc_nano.a(libc_a-init.o)
                0x080009e8                __libc_init_array
 *(.glue_7)
 .glue_7        0x08000a30        0x0 linker stubs
 *(.glue_7t)
 .glue_7t       0x08000a30        0x0 linker stubs
 *(.eh_frame)
 .eh_frame      0x08000a30        0x0 C:/ST/STM32CubeIDE_1.17.0/STM32CubeIDE/plugins/com.st.stm32cube.ide.mcu.externaltools.gnu-tools-for-stm32.12.3.rel1.win32_1.1.0.202410251130/tools/bin/../lib/gcc/arm-none-eabi/12.3.1/thumb/v8-m.main+fp/hard/crtbegin.o
 *(.init)
 .init          0x08000a30        0x4 C:/ST/STM32CubeIDE_1.17.0/STM32CubeIDE/plugins/com.st.stm32cube.ide.mcu.externaltools.gnu-tools-for-stm32.12.3.rel1.win32_1.1.0.202410251130/tools/bin/../lib/gcc/arm-none-eabi/12.3.1/thumb/v8-m.main+fp/hard/crti.o
                0x08000a30                _init
 .init          0x08000a34        0x8 C:/ST/STM32CubeIDE_1.17.0/STM32CubeIDE/plugins/com.st.stm32cube.ide.mcu.externaltools.gnu-tools-for-stm32.12.3.rel1.win32_1.1.0.202410251130/tools/bin/../lib/gcc/arm-none-eabi/12.3.1/thumb/v8-m.main+fp/hard/crtn.o
 *(.fini)
 .fini          0x08000a3c        0x4 C:/ST/STM32CubeIDE_1.17.0/STM32CubeIDE/plugins/com.st.stm32cube.ide.mcu.externaltools.gnu-tools-for-stm32.12.3.rel1.win32_1.1.0.202410251130/tools/bin/../lib/gcc/arm-none-eabi/12.3.1/thumb/v8-m.main+fp/hard/crti.o
                0x08000a3c                _fini
 .fini          0x08000a40        0x8 C:/ST/STM32CubeIDE_1.17.0/STM32CubeIDE/plugins/com.st.stm32cube.ide.mcu.externaltools.gnu-tools-for-stm32.12.3.rel1.win32_1.1.0.202410251130/tools/bin/../lib/gcc/arm-none-eabi/12.3.1/thumb/v8-m.main+fp/hard/crtn.o
                0x08000a48                        . = ALIGN (0x4)
                0x08000a48                        _etext = .

.vfp11_veneer   0x08000a48        0x0
 .vfp11_veneer  0x08000a48        0x0 linker stubs

.v4_bx          0x08000a48        0x0
 .v4_bx         0x08000a48        0x0 linker stubs

.iplt           0x08000a48        0x0
 .iplt          0x08000a48        0x0 C:/ST/STM32CubeIDE_1.17.0/STM32CubeIDE/plugins/com.st.stm32cube.ide.mcu.externaltools.gnu-tools-for-stm32.12.3.rel1.win32_1.1.0.202410251130/tools/bin/../lib/gcc/arm-none-eabi/12.3.1/thumb/v8-m.main+fp/hard/crtbegin.o

.rodata         0x08000a48        0x8
                0x08000a48                        . = ALIGN (0x4)
 *(.rodata)
 *(.rodata*)
 .rodata.step_sequence
                0x08000a48        0x8 ./Core/Src/main.o
                0x08000a48                step_sequence
                0x08000a50                        . = ALIGN (0x4)

.ARM.extab      0x08000a50        0x0
                0x08000a50                        . = ALIGN (0x4)
 *(.ARM.extab* .gnu.linkonce.armextab.*)
                0x08000a50                        . = ALIGN (0x4)

.ARM            0x08000a50        0x0
                0x08000a50                        . = ALIGN (0x4)
                0x08000a50                        __exidx_start = .
 *(.ARM.exidx*)
                0x08000a50                        __exidx_end = .
                0x08000a50                        . = ALIGN (0x4)

.preinit_array  0x08000a50        0x0
                0x08000a50                        . = ALIGN (0x4)
                0x08000a50                        PROVIDE (__preinit_array_start = .)
 *(.preinit_array*)
                0x08000a50                        PROVIDE (__preinit_array_end = .)
                0x08000a50                        . = ALIGN (0x4)

.init_array     0x08000a50        0x4
                0x08000a50                        . = ALIGN (0x4)
                0x08000a50                        PROVIDE (__init_array_start = .)
 *(SORT_BY_NAME(.init_array.*))
 *(.init_array*)
 .init_array    0x08000a50        0x4 C:/ST/STM32CubeIDE_1.17.0/STM32CubeIDE/plugins/com.st.stm32cube.ide.mcu.externaltools.gnu-tools-for-stm32.12.3.rel1.win32_1.1.0.202410251130/tools/bin/../lib/gcc/arm-none-eabi/12.3.1/thumb/v8-m.main+fp/hard/crtbegin.o
                0x08000a54                        PROVIDE (__init_array_end = .)
                0x08000a54                        . = ALIGN (0x4)

.fini_array     0x08000a54        0x4
                0x08000a54                        . = ALIGN (0x4)
                [!provide]                        PROVIDE (__fini_array_start = .)
 *(SORT_BY_NAME(.fini_array.*))
 *(.fini_array*)
 .fini_array    0x08000a54        0x4 C:/ST/STM32CubeIDE_1.17.0/STM32CubeIDE/plugins/com.st.stm32cube.ide.mcu.externaltools.gnu-tools-for-stm32.12.3.rel1.win32_1.1.0.202410251130/tools/bin/../lib/gcc/arm-none-eabi/12.3.1/thumb/v8-m.main+fp/hard/crtbegin.o
                [!provide]                        PROVIDE (__fini_array_end = .)
                0x08000a58                        . = ALIGN (0x4)
                0x08000a58                        _sidata = LOADADDR (.data)

.rel.dyn        0x08000a58        0x0
 .rel.iplt      0x08000a58        0x0 C:/ST/STM32CubeIDE_1.17.0/STM32CubeIDE/plugins/com.st.stm32cube.ide.mcu.externaltools.gnu-tools-for-stm32.12.3.rel1.win32_1.1.0.202410251130/tools/bin/../lib/gcc/arm-none-eabi/12.3.1/thumb/v8-m.main+fp/hard/crtbegin.o

.data           0x20000000       0x14 load address 0x08000a58
                0x20000000                        . = ALIGN (0x4)
                0x20000000                        _sdata = .
 *(.data)
 *(.data*)
 .data.lower_iter
                0x20000000        0x1 ./Core/Src/main.o
                0x20000000                lower_iter
 *fill*         0x20000001        0x3 
 .data.upper_iter
                0x20000004        0x1 ./Core/Src/main.o
                0x20000004                upper_iter
 *fill*         0x20000005        0x3 
 .data.base     0x20000008        0x3 ./Core/Src/main.o
                0x20000008                base
 *fill*         0x2000000b        0x1 
 .data.lower    0x2000000c        0x3 ./Core/Src/main.o
                0x2000000c                lower
 *fill*         0x2000000f        0x1 
 .data.upper    0x20000010        0x3 ./Core/Src/main.o
                0x20000010                upper
 .data.uwTickFreq
                0x20000013        0x1 ./Drivers/STM32L5xx_HAL_Driver/Src/stm32l5xx_hal.o
                0x20000013                uwTickFreq
 *(.RamFunc)
 *(.RamFunc*)
                0x20000014                        . = ALIGN (0x4)
                0x20000014                        _edata = .

.igot.plt       0x20000014        0x0 load address 0x08000a6c
 .igot.plt      0x20000014        0x0 C:/ST/STM32CubeIDE_1.17.0/STM32CubeIDE/plugins/com.st.stm32cube.ide.mcu.externaltools.gnu-tools-for-stm32.12.3.rel1.win32_1.1.0.202410251130/tools/bin/../lib/gcc/arm-none-eabi/12.3.1/thumb/v8-m.main+fp/hard/crtbegin.o
                0x20000014                        . = ALIGN (0x4)

.bss            0x20000014       0x24 load address 0x08000a6c
                0x20000014                        _sbss = .
                0x20000014                        __bss_start__ = _sbss
 *(.bss)
 .bss           0x20000014       0x1c C:/ST/STM32CubeIDE_1.17.0/STM32CubeIDE/plugins/com.st.stm32cube.ide.mcu.externaltools.gnu-tools-for-stm32.12.3.rel1.win32_1.1.0.202410251130/tools/bin/../lib/gcc/arm-none-eabi/12.3.1/thumb/v8-m.main+fp/hard/crtbegin.o
 *(.bss*)
 .bss.base_iter
                0x20000030        0x1 ./Core/Src/main.o
                0x20000030                base_iter
 *fill*         0x20000031        0x3 
 .bss.uwTick    0x20000034        0x4 ./Drivers/STM32L5xx_HAL_Driver/Src/stm32l5xx_hal.o
                0x20000034                uwTick
 *(COMMON)
                0x20000038                        . = ALIGN (0x4)
                0x20000038                        _ebss = .
                0x20000038                        __bss_end__ = _ebss

._user_heap_stack
                0x20000038      0x600 load address 0x08000a6c
                0x20000038                        . = ALIGN (0x8)
                [!provide]                        PROVIDE (end = .)
                0x20000038                        PROVIDE (_end = .)
                0x20000238                        . = (. + _Min_Heap_Size)
 *fill*         0x20000038      0x200 
                0x20000638                        . = (. + _Min_Stack_Size)
 *fill*         0x20000238      0x400 
                0x20000638                        . = ALIGN (0x8)

/DISCARD/
 libc.a(*)
 libm.a(*)
 libgcc.a(*)

.ARM.attributes
                0x00000000       0x36
 *(.ARM.attributes)
 .ARM.attributes
                0x00000000       0x26 C:/ST/STM32CubeIDE_1.17.0/STM32CubeIDE/plugins/com.st.stm32cube.ide.mcu.externaltools.gnu-tools-for-stm32.12.3.rel1.win32_1.1.0.202410251130/tools/bin/../lib/gcc/arm-none-eabi/12.3.1/thumb/v8-m.main+fp/hard/crti.o
 .ARM.attributes
                0x00000026       0x38 C:/ST/STM32CubeIDE_1.17.0/STM32CubeIDE/plugins/com.st.stm32cube.ide.mcu.externaltools.gnu-tools-for-stm32.12.3.rel1.win32_1.1.0.202410251130/tools/bin/../lib/gcc/arm-none-eabi/12.3.1/thumb/v8-m.main+fp/hard/crtbegin.o
 .ARM.attributes
                0x0000005e       0x3a ./Core/Src/i2c.o
 .ARM.attributes
                0x00000098       0x3a ./Core/Src/main.o
 .ARM.attributes
                0x000000d2       0x3a ./Core/Src/stm32l5xx_it.o
 .ARM.attributes
                0x0000010c       0x3a ./Core/Src/system_stm32l5xx.o
 .ARM.attributes
                0x00000146       0x24 ./Core/Startup/startup_stm32l552zetxq.o
 .ARM.attributes
                0x0000016a       0x3a ./Drivers/STM32L5xx_HAL_Driver/Src/stm32l5xx_hal.o
 .ARM.attributes
                0x000001a4       0x38 C:/ST/STM32CubeIDE_1.17.0/STM32CubeIDE/plugins/com.st.stm32cube.ide.mcu.externaltools.gnu-tools-for-stm32.12.3.rel1.win32_1.1.0.202410251130/tools/bin/../lib/gcc/arm-none-eabi/12.3.1/../../../../arm-none-eabi/lib/thumb/v8-m.main+fp/hard\libc_nano.a(libc_a-init.o)
 .ARM.attributes
                0x000001dc       0x26 C:/ST/STM32CubeIDE_1.17.0/STM32CubeIDE/plugins/com.st.stm32cube.ide.mcu.externaltools.gnu-tools-for-stm32.12.3.rel1.win32_1.1.0.202410251130/tools/bin/../lib/gcc/arm-none-eabi/12.3.1/thumb/v8-m.main+fp/hard/crtn.o
OUTPUT(FINAL_PROJECT_ROBOT_ARM.elf elf32-littlearm)
LOAD linker stubs
LOAD C:/ST/STM32CubeIDE_1.17.0/STM32CubeIDE/plugins/com.st.stm32cube.ide.mcu.externaltools.gnu-tools-for-stm32.12.3.rel1.win32_1.1.0.202410251130/tools/bin/../lib/gcc/arm-none-eabi/12.3.1/../../../../arm-none-eabi/lib/thumb/v8-m.main+fp/hard\libc.a
LOAD C:/ST/STM32CubeIDE_1.17.0/STM32CubeIDE/plugins/com.st.stm32cube.ide.mcu.externaltools.gnu-tools-for-stm32.12.3.rel1.win32_1.1.0.202410251130/tools/bin/../lib/gcc/arm-none-eabi/12.3.1/../../../../arm-none-eabi/lib/thumb/v8-m.main+fp/hard\libm.a
LOAD C:/ST/STM32CubeIDE_1.17.0/STM32CubeIDE/plugins/com.st.stm32cube.ide.mcu.externaltools.gnu-tools-for-stm32.12.3.rel1.win32_1.1.0.202410251130/tools/bin/../lib/gcc/arm-none-eabi/12.3.1/thumb/v8-m.main+fp/hard\libgcc.a

.debug_info     0x00000000     0x2a71
 .debug_info    0x00000000      0x60a ./Core/Src/i2c.o
 .debug_info    0x0000060a      0xe4f ./Core/Src/main.o
 .debug_info    0x00001459      0x113 ./Core/Src/stm32l5xx_it.o
 .debug_info    0x0000156c      0x7e2 ./Core/Src/system_stm32l5xx.o
 .debug_info    0x00001d4e       0x30 ./Core/Startup/startup_stm32l552zetxq.o
 .debug_info    0x00001d7e      0xcf3 ./Drivers/STM32L5xx_HAL_Driver/Src/stm32l5xx_hal.o

.debug_abbrev   0x00000000      0x991
 .debug_abbrev  0x00000000      0x17e ./Core/Src/i2c.o
 .debug_abbrev  0x0000017e      0x384 ./Core/Src/main.o
 .debug_abbrev  0x00000502       0x73 ./Core/Src/stm32l5xx_it.o
 .debug_abbrev  0x00000575      0x12b ./Core/Src/system_stm32l5xx.o
 .debug_abbrev  0x000006a0       0x24 ./Core/Startup/startup_stm32l552zetxq.o
 .debug_abbrev  0x000006c4      0x2cd ./Drivers/STM32L5xx_HAL_Driver/Src/stm32l5xx_hal.o

.debug_aranges  0x00000000      0x2d0
 .debug_aranges
                0x00000000       0x48 ./Core/Src/i2c.o
 .debug_aranges
                0x00000048       0xa8 ./Core/Src/main.o
 .debug_aranges
                0x000000f0       0x60 ./Core/Src/stm32l5xx_it.o
 .debug_aranges
                0x00000150       0x28 ./Core/Src/system_stm32l5xx.o
 .debug_aranges
                0x00000178       0x28 ./Core/Startup/startup_stm32l552zetxq.o
 .debug_aranges
                0x000001a0      0x130 ./Drivers/STM32L5xx_HAL_Driver/Src/stm32l5xx_hal.o

.debug_rnglists
                0x00000000      0x206
 .debug_rnglists
                0x00000000       0x36 ./Core/Src/i2c.o
 .debug_rnglists
                0x00000036       0x7b ./Core/Src/main.o
 .debug_rnglists
                0x000000b1       0x43 ./Core/Src/stm32l5xx_it.o
 .debug_rnglists
                0x000000f4       0x1a ./Core/Src/system_stm32l5xx.o
 .debug_rnglists
                0x0000010e       0x19 ./Core/Startup/startup_stm32l552zetxq.o
 .debug_rnglists
                0x00000127       0xdf ./Drivers/STM32L5xx_HAL_Driver/Src/stm32l5xx_hal.o

.debug_macro    0x00000000    0x1e56f
 .debug_macro   0x00000000      0x1a5 ./Core/Src/i2c.o
 .debug_macro   0x000001a5      0xac0 ./Core/Src/i2c.o
 .debug_macro   0x00000c65       0x42 ./Core/Src/i2c.o
 .debug_macro   0x00000ca7       0x22 ./Core/Src/i2c.o
 .debug_macro   0x00000cc9       0x8e ./Core/Src/i2c.o
 .debug_macro   0x00000d57       0x51 ./Core/Src/i2c.o
 .debug_macro   0x00000da8      0x103 ./Core/Src/i2c.o
 .debug_macro   0x00000eab       0x6a ./Core/Src/i2c.o
 .debug_macro   0x00000f15      0x1df ./Core/Src/i2c.o
 .debug_macro   0x000010f4       0x1c ./Core/Src/i2c.o
 .debug_macro   0x00001110       0x29 ./Core/Src/i2c.o
 .debug_macro   0x00001139       0xfb ./Core/Src/i2c.o
 .debug_macro   0x00001234     0x1336 ./Core/Src/i2c.o
 .debug_macro   0x0000256a       0x5e ./Core/Src/i2c.o
 .debug_macro   0x000025c8    0x1aca2 ./Core/Src/i2c.o
 .debug_macro   0x0001d26a       0x61 ./Core/Src/i2c.o
 .debug_macro   0x0001d2cb       0x2a ./Core/Src/i2c.o
 .debug_macro   0x0001d2f5       0x43 ./Core/Src/i2c.o
 .debug_macro   0x0001d338       0x34 ./Core/Src/i2c.o
 .debug_macro   0x0001d36c       0x16 ./Core/Src/i2c.o
 .debug_macro   0x0001d382       0x9e ./Core/Src/i2c.o
 .debug_macro   0x0001d420      0x369 ./Core/Src/i2c.o
 .debug_macro   0x0001d789      0x10b ./Core/Src/i2c.o
 .debug_macro   0x0001d894       0x10 ./Core/Src/i2c.o
 .debug_macro   0x0001d8a4       0x16 ./Core/Src/i2c.o
 .debug_macro   0x0001d8ba       0x43 ./Core/Src/i2c.o
 .debug_macro   0x0001d8fd       0x34 ./Core/Src/i2c.o
 .debug_macro   0x0001d931       0x10 ./Core/Src/i2c.o
 .debug_macro   0x0001d941       0x58 ./Core/Src/i2c.o
 .debug_macro   0x0001d999       0x8e ./Core/Src/i2c.o
 .debug_macro   0x0001da27       0x1c ./Core/Src/i2c.o
 .debug_macro   0x0001da43      0x177 ./Core/Src/i2c.o
 .debug_macro   0x0001dbba       0x16 ./Core/Src/i2c.o
 .debug_macro   0x0001dbd0       0x16 ./Core/Src/i2c.o
 .debug_macro   0x0001dbe6      0x146 ./Core/Src/i2c.o
 .debug_macro   0x0001dd2c       0x82 ./Core/Src/i2c.o
 .debug_macro   0x0001ddae      0x1c3 ./Core/Src/main.o
 .debug_macro   0x0001df71      0x216 ./Core/Src/stm32l5xx_it.o
 .debug_macro   0x0001e187      0x1dc ./Core/Src/system_stm32l5xx.o
 .debug_macro   0x0001e363      0x20c ./Drivers/STM32L5xx_HAL_Driver/Src/stm32l5xx_hal.o

.debug_line     0x00000000     0x2f9f
 .debug_line    0x00000000      0x977 ./Core/Src/i2c.o
 .debug_line    0x00000977      0x95f ./Core/Src/main.o
 .debug_line    0x000012d6      0x8ac ./Core/Src/stm32l5xx_it.o
 .debug_line    0x00001b82      0x817 ./Core/Src/system_stm32l5xx.o
 .debug_line    0x00002399       0x79 ./Core/Startup/startup_stm32l552zetxq.o
 .debug_line    0x00002412      0xb8d ./Drivers/STM32L5xx_HAL_Driver/Src/stm32l5xx_hal.o

.debug_str      0x00000000    0xfb3d9
 .debug_str     0x00000000    0xade27 ./Core/Src/i2c.o
                              0xae07e (size before relaxing)
 .debug_str     0x000ade27      0x880 ./Core/Src/main.o
                              0xae8e9 (size before relaxing)
 .debug_str     0x000ae6a7    0x4c53d ./Core/Src/stm32l5xx_it.o
                              0xf6a39 (size before relaxing)
 .debug_str     0x000fabe4      0x17d ./Core/Src/system_stm32l5xx.o
                              0xf6689 (size before relaxing)
 .debug_str     0x000fad61       0x45 ./Core/Startup/startup_stm32l552zetxq.o
                                 0x90 (size before relaxing)
 .debug_str     0x000fada6      0x633 ./Drivers/STM32L5xx_HAL_Driver/Src/stm32l5xx_hal.o
                              0xf7200 (size before relaxing)

.comment        0x00000000       0x43
 .comment       0x00000000       0x43 ./Core/Src/i2c.o
                                 0x44 (size before relaxing)
 .comment       0x00000043       0x44 ./Core/Src/main.o
 .comment       0x00000043       0x44 ./Core/Src/stm32l5xx_it.o
 .comment       0x00000043       0x44 ./Core/Src/system_stm32l5xx.o
 .comment       0x00000043       0x44 ./Drivers/STM32L5xx_HAL_Driver/Src/stm32l5xx_hal.o

.debug_frame    0x00000000      0x998
 .debug_frame   0x00000000       0xe8 ./Core/Src/i2c.o
 .debug_frame   0x000000e8      0x284 ./Core/Src/main.o
 .debug_frame   0x0000036c      0x104 ./Core/Src/stm32l5xx_it.o
 .debug_frame   0x00000470       0x58 ./Core/Src/system_stm32l5xx.o
 .debug_frame   0x000004c8      0x4a4 ./Drivers/STM32L5xx_HAL_Driver/Src/stm32l5xx_hal.o
 .debug_frame   0x0000096c       0x2c C:/ST/STM32CubeIDE_1.17.0/STM32CubeIDE/plugins/com.st.stm32cube.ide.mcu.externaltools.gnu-tools-for-stm32.12.3.rel1.win32_1.1.0.202410251130/tools/bin/../lib/gcc/arm-none-eabi/12.3.1/../../../../arm-none-eabi/lib/thumb/v8-m.main+fp/hard\libc_nano.a(libc_a-init.o)

.debug_line_str
                0x00000000       0x74
 .debug_line_str
                0x00000000       0x74 ./Core/Startup/startup_stm32l552zetxq.o
