../Drivers/CMSIS/Include/core_cm33.h:2127:22:__NVIC_EnableIRQ	16	static,ignoring_inline_asm
../Core/Src/main.c:77:5:main	8	static
../Core/Src/main.c:97:6:tim2_iniit	4	static
../Core/Src/main.c:103:6:i2c_init	4	static
../Core/Src/main.c:108:16:get_current_step	16	static
../Core/Src/main.c:114:6:next_step	16	static
../Core/Src/main.c:120:6:updateMotorFromIterator	24	static
../Core/Src/main.c:136:6:I2C_IRQHandler	16	static
../Core/Src/main.c:156:6:init_TIM2	8	static
../Core/Src/main.c:188:6:init_TIM3	8	static
../Core/Src/main.c:217:6:init_TIM4	8	static
../Core/Src/main.c:241:6:TIM2_IRQHandler	8	static
../Core/Src/main.c:248:6:TIM3_IRQHandler	8	static
../Core/Src/main.c:255:6:TIM4_IRQHandler	8	static
../Core/Src/main.c:262:6:TIM5_IRQHandler	4	static
